Archive member included because of file (symbol)

/package/freescale/KDS_2.0.0/toolchain/bin/../lib/gcc/arm-none-eabi/4.8.0/libgcc.a(_udivsi3.o)
                              ./Project_Settings/Startup_Code/system_MKL46Z4.o (__aeabi_uidiv)
/package/freescale/KDS_2.0.0/toolchain/bin/../lib/gcc/arm-none-eabi/4.8.0/libgcc.a(_dvmd_tls.o)
                              /package/freescale/KDS_2.0.0/toolchain/bin/../lib/gcc/arm-none-eabi/4.8.0/libgcc.a(_udivsi3.o) (__aeabi_idiv0)
/package/freescale/KDS_2.0.0/toolchain/bin/../lib/gcc/arm-none-eabi/4.8.0/../../../../arm-none-eabi/lib/libg_s.a(lib_a-atexit.o)
                              /package/freescale/KDS_2.0.0/toolchain/bin/../lib/gcc/arm-none-eabi/4.8.0/../../../../arm-none-eabi/lib/crt0.o (atexit)
/package/freescale/KDS_2.0.0/toolchain/bin/../lib/gcc/arm-none-eabi/4.8.0/../../../../arm-none-eabi/lib/libg_s.a(lib_a-exit.o)
                              /package/freescale/KDS_2.0.0/toolchain/bin/../lib/gcc/arm-none-eabi/4.8.0/../../../../arm-none-eabi/lib/crt0.o (exit)
/package/freescale/KDS_2.0.0/toolchain/bin/../lib/gcc/arm-none-eabi/4.8.0/../../../../arm-none-eabi/lib/libg_s.a(lib_a-fini.o)
                              /package/freescale/KDS_2.0.0/toolchain/bin/../lib/gcc/arm-none-eabi/4.8.0/../../../../arm-none-eabi/lib/libg_s.a(lib_a-exit.o) (__libc_fini_array)
/package/freescale/KDS_2.0.0/toolchain/bin/../lib/gcc/arm-none-eabi/4.8.0/../../../../arm-none-eabi/lib/libg_s.a(lib_a-impure.o)
                              /package/freescale/KDS_2.0.0/toolchain/bin/../lib/gcc/arm-none-eabi/4.8.0/../../../../arm-none-eabi/lib/libg_s.a(lib_a-exit.o) (_global_impure_ptr)
/package/freescale/KDS_2.0.0/toolchain/bin/../lib/gcc/arm-none-eabi/4.8.0/../../../../arm-none-eabi/lib/libg_s.a(lib_a-memset.o)
                              /package/freescale/KDS_2.0.0/toolchain/bin/../lib/gcc/arm-none-eabi/4.8.0/../../../../arm-none-eabi/lib/crt0.o (memset)
/package/freescale/KDS_2.0.0/toolchain/bin/../lib/gcc/arm-none-eabi/4.8.0/../../../../arm-none-eabi/lib/libg_s.a(lib_a-snprintf.o)
                              ./Sources/stopwatch.o (snprintf)
/package/freescale/KDS_2.0.0/toolchain/bin/../lib/gcc/arm-none-eabi/4.8.0/../../../../arm-none-eabi/lib/libg_s.a(lib_a-svfprintf.o)
                              /package/freescale/KDS_2.0.0/toolchain/bin/../lib/gcc/arm-none-eabi/4.8.0/../../../../arm-none-eabi/lib/libg_s.a(lib_a-snprintf.o) (_svfprintf_r)
/package/freescale/KDS_2.0.0/toolchain/bin/../lib/gcc/arm-none-eabi/4.8.0/../../../../arm-none-eabi/lib/libg_s.a(lib_a-syscalls.o)
                              /package/freescale/KDS_2.0.0/toolchain/bin/../lib/gcc/arm-none-eabi/4.8.0/../../../../arm-none-eabi/lib/libg_s.a(lib_a-exit.o) (_exit)
/package/freescale/KDS_2.0.0/toolchain/bin/../lib/gcc/arm-none-eabi/4.8.0/../../../../arm-none-eabi/lib/libg_s.a(lib_a-vfprintf_i.o)
                              /package/freescale/KDS_2.0.0/toolchain/bin/../lib/gcc/arm-none-eabi/4.8.0/../../../../arm-none-eabi/lib/libg_s.a(lib_a-svfprintf.o) (_printf_i)
/package/freescale/KDS_2.0.0/toolchain/bin/../lib/gcc/arm-none-eabi/4.8.0/../../../../arm-none-eabi/lib/libg_s.a(lib_a-__atexit.o)
                              /package/freescale/KDS_2.0.0/toolchain/bin/../lib/gcc/arm-none-eabi/4.8.0/../../../../arm-none-eabi/lib/libg_s.a(lib_a-atexit.o) (__do_register_exitproc)
/package/freescale/KDS_2.0.0/toolchain/bin/../lib/gcc/arm-none-eabi/4.8.0/../../../../arm-none-eabi/lib/libg_s.a(lib_a-__call_atexit.o)
                              /package/freescale/KDS_2.0.0/toolchain/bin/../lib/gcc/arm-none-eabi/4.8.0/../../../../arm-none-eabi/lib/libg_s.a(lib_a-__atexit.o) (__call_exitprocs)
/package/freescale/KDS_2.0.0/toolchain/bin/../lib/gcc/arm-none-eabi/4.8.0/../../../../arm-none-eabi/lib/libg_s.a(lib_a-errno.o)
                              /package/freescale/KDS_2.0.0/toolchain/bin/../lib/gcc/arm-none-eabi/4.8.0/../../../../arm-none-eabi/lib/libg_s.a(lib_a-syscalls.o) (__errno)
/package/freescale/KDS_2.0.0/toolchain/bin/../lib/gcc/arm-none-eabi/4.8.0/../../../../arm-none-eabi/lib/libg_s.a(lib_a-freer.o)
                              /package/freescale/KDS_2.0.0/toolchain/bin/../lib/gcc/arm-none-eabi/4.8.0/../../../../arm-none-eabi/lib/libg_s.a(lib_a-svfprintf.o) (_free_r)
/package/freescale/KDS_2.0.0/toolchain/bin/../lib/gcc/arm-none-eabi/4.8.0/../../../../arm-none-eabi/lib/libg_s.a(lib_a-malloc.o)
                              /package/freescale/KDS_2.0.0/toolchain/bin/../lib/gcc/arm-none-eabi/4.8.0/../../../../arm-none-eabi/lib/libg_s.a(lib_a-__atexit.o) (malloc)
/package/freescale/KDS_2.0.0/toolchain/bin/../lib/gcc/arm-none-eabi/4.8.0/../../../../arm-none-eabi/lib/libg_s.a(lib_a-mallocr.o)
                              /package/freescale/KDS_2.0.0/toolchain/bin/../lib/gcc/arm-none-eabi/4.8.0/../../../../arm-none-eabi/lib/libg_s.a(lib_a-svfprintf.o) (_malloc_r)
/package/freescale/KDS_2.0.0/toolchain/bin/../lib/gcc/arm-none-eabi/4.8.0/../../../../arm-none-eabi/lib/libg_s.a(lib_a-memchr.o)
                              /package/freescale/KDS_2.0.0/toolchain/bin/../lib/gcc/arm-none-eabi/4.8.0/../../../../arm-none-eabi/lib/libg_s.a(lib_a-svfprintf.o) (memchr)
/package/freescale/KDS_2.0.0/toolchain/bin/../lib/gcc/arm-none-eabi/4.8.0/../../../../arm-none-eabi/lib/libg_s.a(lib_a-memcpy.o)
                              /package/freescale/KDS_2.0.0/toolchain/bin/../lib/gcc/arm-none-eabi/4.8.0/../../../../arm-none-eabi/lib/libg_s.a(lib_a-svfprintf.o) (memcpy)
/package/freescale/KDS_2.0.0/toolchain/bin/../lib/gcc/arm-none-eabi/4.8.0/../../../../arm-none-eabi/lib/libg_s.a(lib_a-memmove.o)
                              /package/freescale/KDS_2.0.0/toolchain/bin/../lib/gcc/arm-none-eabi/4.8.0/../../../../arm-none-eabi/lib/libg_s.a(lib_a-svfprintf.o) (memmove)
/package/freescale/KDS_2.0.0/toolchain/bin/../lib/gcc/arm-none-eabi/4.8.0/../../../../arm-none-eabi/lib/libg_s.a(lib_a-reallocr.o)
                              /package/freescale/KDS_2.0.0/toolchain/bin/../lib/gcc/arm-none-eabi/4.8.0/../../../../arm-none-eabi/lib/libg_s.a(lib_a-svfprintf.o) (_realloc_r)
/package/freescale/KDS_2.0.0/toolchain/bin/../lib/gcc/arm-none-eabi/4.8.0/../../../../arm-none-eabi/lib/libg_s.a(lib_a-sbrkr.o)
                              /package/freescale/KDS_2.0.0/toolchain/bin/../lib/gcc/arm-none-eabi/4.8.0/../../../../arm-none-eabi/lib/libg_s.a(lib_a-mallocr.o) (_sbrk_r)
/package/freescale/KDS_2.0.0/toolchain/bin/../lib/gcc/arm-none-eabi/4.8.0/../../../../arm-none-eabi/lib/libg_s.a(lib_a-strlen.o)
                              /package/freescale/KDS_2.0.0/toolchain/bin/../lib/gcc/arm-none-eabi/4.8.0/../../../../arm-none-eabi/lib/libg_s.a(lib_a-syscalls.o) (strlen)
/package/freescale/KDS_2.0.0/toolchain/bin/../lib/gcc/arm-none-eabi/4.8.0/../../../../arm-none-eabi/lib/libg_s.a(lib_a-msizer.o)
                              /package/freescale/KDS_2.0.0/toolchain/bin/../lib/gcc/arm-none-eabi/4.8.0/../../../../arm-none-eabi/lib/libg_s.a(lib_a-reallocr.o) (_malloc_usable_size_r)
/package/freescale/KDS_2.0.0/toolchain/bin/../lib/gcc/arm-none-eabi/4.8.0/../../../../arm-none-eabi/lib/libg_s.a(lib_a-reent.o)
                              /package/freescale/KDS_2.0.0/toolchain/bin/../lib/gcc/arm-none-eabi/4.8.0/../../../../arm-none-eabi/lib/libg_s.a(lib_a-sbrkr.o) (errno)

Allocating common symbols
Common symbol       size              file

bLCD_CharPosition   0x1               ./Sources/slcd.o
errno               0x4               /package/freescale/KDS_2.0.0/toolchain/bin/../lib/gcc/arm-none-eabi/4.8.0/../../../../arm-none-eabi/lib/libg_s.a(lib_a-reent.o)

Discarded input sections

 .text          0x0000000000000000        0x0 /package/freescale/KDS_2.0.0/toolchain/bin/../lib/gcc/arm-none-eabi/4.8.0/crti.o
 .data          0x0000000000000000        0x0 /package/freescale/KDS_2.0.0/toolchain/bin/../lib/gcc/arm-none-eabi/4.8.0/crti.o
 .bss           0x0000000000000000        0x0 /package/freescale/KDS_2.0.0/toolchain/bin/../lib/gcc/arm-none-eabi/4.8.0/crti.o
 .text          0x0000000000000000        0x0 /package/freescale/KDS_2.0.0/toolchain/bin/../lib/gcc/arm-none-eabi/4.8.0/crtbegin.o
 .data          0x0000000000000000        0x0 /package/freescale/KDS_2.0.0/toolchain/bin/../lib/gcc/arm-none-eabi/4.8.0/crtbegin.o
 .bss           0x0000000000000000        0x0 /package/freescale/KDS_2.0.0/toolchain/bin/../lib/gcc/arm-none-eabi/4.8.0/crtbegin.o
 .data.__dso_handle
                0x0000000000000000        0x4 /package/freescale/KDS_2.0.0/toolchain/bin/../lib/gcc/arm-none-eabi/4.8.0/crtbegin.o
 .data          0x0000000000000000        0x0 /package/freescale/KDS_2.0.0/toolchain/bin/../lib/gcc/arm-none-eabi/4.8.0/../../../../arm-none-eabi/lib/crt0.o
 .bss           0x0000000000000000        0x0 /package/freescale/KDS_2.0.0/toolchain/bin/../lib/gcc/arm-none-eabi/4.8.0/../../../../arm-none-eabi/lib/crt0.o
 .group         0x0000000000000000        0x8 ./Sources/slcd.o
 .group         0x0000000000000000        0x8 ./Sources/slcd.o
 .group         0x0000000000000000        0x8 ./Sources/slcd.o
 .group         0x0000000000000000        0x8 ./Sources/slcd.o
 .group         0x0000000000000000        0x8 ./Sources/slcd.o
 .group         0x0000000000000000        0x8 ./Sources/slcd.o
 .group         0x0000000000000000        0x8 ./Sources/slcd.o
 .group         0x0000000000000000        0x8 ./Sources/slcd.o
 .text          0x0000000000000000        0x0 ./Sources/slcd.o
 .data          0x0000000000000000        0x0 ./Sources/slcd.o
 .bss           0x0000000000000000        0x0 ./Sources/slcd.o
 .group         0x0000000000000000        0x8 ./Sources/stopwatch.o
 .group         0x0000000000000000        0x8 ./Sources/stopwatch.o
 .group         0x0000000000000000        0x8 ./Sources/stopwatch.o
 .group         0x0000000000000000        0x8 ./Sources/stopwatch.o
 .group         0x0000000000000000        0x8 ./Sources/stopwatch.o
 .group         0x0000000000000000        0x8 ./Sources/stopwatch.o
 .group         0x0000000000000000        0x8 ./Sources/stopwatch.o
 .group         0x0000000000000000        0x8 ./Sources/stopwatch.o
 .group         0x0000000000000000        0x8 ./Sources/stopwatch.o
 .group         0x0000000000000000        0x8 ./Sources/stopwatch.o
 .group         0x0000000000000000        0x8 ./Sources/stopwatch.o
 .group         0x0000000000000000        0x8 ./Sources/stopwatch.o
 .group         0x0000000000000000        0x8 ./Sources/stopwatch.o
 .group         0x0000000000000000        0x8 ./Sources/stopwatch.o
 .group         0x0000000000000000        0x8 ./Sources/stopwatch.o
 .group         0x0000000000000000        0x8 ./Sources/stopwatch.o
 .group         0x0000000000000000        0x8 ./Sources/stopwatch.o
 .group         0x0000000000000000        0x8 ./Sources/stopwatch.o
 .group         0x0000000000000000        0x8 ./Sources/stopwatch.o
 .group         0x0000000000000000        0x8 ./Sources/stopwatch.o
 .group         0x0000000000000000        0x8 ./Sources/stopwatch.o
 .group         0x0000000000000000        0x8 ./Sources/stopwatch.o
 .group         0x0000000000000000        0x8 ./Sources/stopwatch.o
 .group         0x0000000000000000        0x8 ./Sources/stopwatch.o
 .group         0x0000000000000000        0x8 ./Sources/stopwatch.o
 .group         0x0000000000000000        0x8 ./Sources/stopwatch.o
 .group         0x0000000000000000        0x8 ./Sources/stopwatch.o
 .group         0x0000000000000000        0x8 ./Sources/stopwatch.o
 .group         0x0000000000000000        0x8 ./Sources/stopwatch.o
 .group         0x0000000000000000        0x8 ./Sources/stopwatch.o
 .group         0x0000000000000000        0x8 ./Sources/stopwatch.o
 .text          0x0000000000000000        0x0 ./Sources/stopwatch.o
 .data          0x0000000000000000        0x0 ./Sources/stopwatch.o
 .bss           0x0000000000000000        0x0 ./Sources/stopwatch.o
 .debug_macro   0x0000000000000000      0x808 ./Sources/stopwatch.o
 .debug_macro   0x0000000000000000       0x37 ./Sources/stopwatch.o
 .debug_macro   0x0000000000000000       0x3a ./Sources/stopwatch.o
 .debug_macro   0x0000000000000000      0x214 ./Sources/stopwatch.o
 .debug_macro   0x0000000000000000       0x1f ./Sources/stopwatch.o
 .debug_macro   0x0000000000000000      0x250 ./Sources/stopwatch.o
 .debug_macro   0x0000000000000000     0x627b ./Sources/stopwatch.o
 .debug_macro   0x0000000000000000      0x142 ./Sources/stopwatch.o
 .data          0x0000000000000000        0x0 ./Project_Settings/Startup_Code/startup_MKL46Z4.o
 .bss           0x0000000000000000        0x0 ./Project_Settings/Startup_Code/startup_MKL46Z4.o
 .group         0x0000000000000000        0x8 ./Project_Settings/Startup_Code/system_MKL46Z4.o
 .group         0x0000000000000000        0x8 ./Project_Settings/Startup_Code/system_MKL46Z4.o
 .group         0x0000000000000000        0x8 ./Project_Settings/Startup_Code/system_MKL46Z4.o
 .group         0x0000000000000000        0x8 ./Project_Settings/Startup_Code/system_MKL46Z4.o
 .group         0x0000000000000000        0x8 ./Project_Settings/Startup_Code/system_MKL46Z4.o
 .group         0x0000000000000000        0x8 ./Project_Settings/Startup_Code/system_MKL46Z4.o
 .group         0x0000000000000000        0x8 ./Project_Settings/Startup_Code/system_MKL46Z4.o
 .text          0x0000000000000000        0x0 ./Project_Settings/Startup_Code/system_MKL46Z4.o
 .data          0x0000000000000000        0x0 ./Project_Settings/Startup_Code/system_MKL46Z4.o
 .bss           0x0000000000000000        0x0 ./Project_Settings/Startup_Code/system_MKL46Z4.o
 .data.SystemCoreClock
                0x0000000000000000        0x4 ./Project_Settings/Startup_Code/system_MKL46Z4.o
 .text.SystemCoreClockUpdate
                0x0000000000000000      0x1f0 ./Project_Settings/Startup_Code/system_MKL46Z4.o
 .debug_macro   0x0000000000000000      0x808 ./Project_Settings/Startup_Code/system_MKL46Z4.o
 .debug_macro   0x0000000000000000      0x214 ./Project_Settings/Startup_Code/system_MKL46Z4.o
 .debug_macro   0x0000000000000000       0x37 ./Project_Settings/Startup_Code/system_MKL46Z4.o
 .debug_macro   0x0000000000000000       0x3a ./Project_Settings/Startup_Code/system_MKL46Z4.o
 .debug_macro   0x0000000000000000       0x1f ./Project_Settings/Startup_Code/system_MKL46Z4.o
 .debug_macro   0x0000000000000000      0x250 ./Project_Settings/Startup_Code/system_MKL46Z4.o
 .debug_macro   0x0000000000000000     0x627b ./Project_Settings/Startup_Code/system_MKL46Z4.o
 .data          0x0000000000000000        0x0 /package/freescale/KDS_2.0.0/toolchain/bin/../lib/gcc/arm-none-eabi/4.8.0/libgcc.a(_udivsi3.o)
 .bss           0x0000000000000000        0x0 /package/freescale/KDS_2.0.0/toolchain/bin/../lib/gcc/arm-none-eabi/4.8.0/libgcc.a(_udivsi3.o)
 .data          0x0000000000000000        0x0 /package/freescale/KDS_2.0.0/toolchain/bin/../lib/gcc/arm-none-eabi/4.8.0/libgcc.a(_dvmd_tls.o)
 .bss           0x0000000000000000        0x0 /package/freescale/KDS_2.0.0/toolchain/bin/../lib/gcc/arm-none-eabi/4.8.0/libgcc.a(_dvmd_tls.o)
 .text          0x0000000000000000        0x0 /package/freescale/KDS_2.0.0/toolchain/bin/../lib/gcc/arm-none-eabi/4.8.0/../../../../arm-none-eabi/lib/libg_s.a(lib_a-atexit.o)
 .data          0x0000000000000000        0x0 /package/freescale/KDS_2.0.0/toolchain/bin/../lib/gcc/arm-none-eabi/4.8.0/../../../../arm-none-eabi/lib/libg_s.a(lib_a-atexit.o)
 .bss           0x0000000000000000        0x0 /package/freescale/KDS_2.0.0/toolchain/bin/../lib/gcc/arm-none-eabi/4.8.0/../../../../arm-none-eabi/lib/libg_s.a(lib_a-atexit.o)
 .text          0x0000000000000000        0x0 /package/freescale/KDS_2.0.0/toolchain/bin/../lib/gcc/arm-none-eabi/4.8.0/../../../../arm-none-eabi/lib/libg_s.a(lib_a-exit.o)
 .data          0x0000000000000000        0x0 /package/freescale/KDS_2.0.0/toolchain/bin/../lib/gcc/arm-none-eabi/4.8.0/../../../../arm-none-eabi/lib/libg_s.a(lib_a-exit.o)
 .bss           0x0000000000000000        0x0 /package/freescale/KDS_2.0.0/toolchain/bin/../lib/gcc/arm-none-eabi/4.8.0/../../../../arm-none-eabi/lib/libg_s.a(lib_a-exit.o)
 .text          0x0000000000000000        0x0 /package/freescale/KDS_2.0.0/toolchain/bin/../lib/gcc/arm-none-eabi/4.8.0/../../../../arm-none-eabi/lib/libg_s.a(lib_a-fini.o)
 .data          0x0000000000000000        0x0 /package/freescale/KDS_2.0.0/toolchain/bin/../lib/gcc/arm-none-eabi/4.8.0/../../../../arm-none-eabi/lib/libg_s.a(lib_a-fini.o)
 .bss           0x0000000000000000        0x0 /package/freescale/KDS_2.0.0/toolchain/bin/../lib/gcc/arm-none-eabi/4.8.0/../../../../arm-none-eabi/lib/libg_s.a(lib_a-fini.o)
 .text          0x0000000000000000        0x0 /package/freescale/KDS_2.0.0/toolchain/bin/../lib/gcc/arm-none-eabi/4.8.0/../../../../arm-none-eabi/lib/libg_s.a(lib_a-impure.o)
 .data          0x0000000000000000        0x0 /package/freescale/KDS_2.0.0/toolchain/bin/../lib/gcc/arm-none-eabi/4.8.0/../../../../arm-none-eabi/lib/libg_s.a(lib_a-impure.o)
 .bss           0x0000000000000000        0x0 /package/freescale/KDS_2.0.0/toolchain/bin/../lib/gcc/arm-none-eabi/4.8.0/../../../../arm-none-eabi/lib/libg_s.a(lib_a-impure.o)
 .text          0x0000000000000000        0x0 /package/freescale/KDS_2.0.0/toolchain/bin/../lib/gcc/arm-none-eabi/4.8.0/../../../../arm-none-eabi/lib/libg_s.a(lib_a-memset.o)
 .data          0x0000000000000000        0x0 /package/freescale/KDS_2.0.0/toolchain/bin/../lib/gcc/arm-none-eabi/4.8.0/../../../../arm-none-eabi/lib/libg_s.a(lib_a-memset.o)
 .bss           0x0000000000000000        0x0 /package/freescale/KDS_2.0.0/toolchain/bin/../lib/gcc/arm-none-eabi/4.8.0/../../../../arm-none-eabi/lib/libg_s.a(lib_a-memset.o)
 .text          0x0000000000000000        0x0 /package/freescale/KDS_2.0.0/toolchain/bin/../lib/gcc/arm-none-eabi/4.8.0/../../../../arm-none-eabi/lib/libg_s.a(lib_a-snprintf.o)
 .data          0x0000000000000000        0x0 /package/freescale/KDS_2.0.0/toolchain/bin/../lib/gcc/arm-none-eabi/4.8.0/../../../../arm-none-eabi/lib/libg_s.a(lib_a-snprintf.o)
 .bss           0x0000000000000000        0x0 /package/freescale/KDS_2.0.0/toolchain/bin/../lib/gcc/arm-none-eabi/4.8.0/../../../../arm-none-eabi/lib/libg_s.a(lib_a-snprintf.o)
 .text._snprintf_r
                0x0000000000000000       0x5e /package/freescale/KDS_2.0.0/toolchain/bin/../lib/gcc/arm-none-eabi/4.8.0/../../../../arm-none-eabi/lib/libg_s.a(lib_a-snprintf.o)
 .text          0x0000000000000000        0x0 /package/freescale/KDS_2.0.0/toolchain/bin/../lib/gcc/arm-none-eabi/4.8.0/../../../../arm-none-eabi/lib/libg_s.a(lib_a-svfprintf.o)
 .data          0x0000000000000000        0x0 /package/freescale/KDS_2.0.0/toolchain/bin/../lib/gcc/arm-none-eabi/4.8.0/../../../../arm-none-eabi/lib/libg_s.a(lib_a-svfprintf.o)
 .bss           0x0000000000000000        0x0 /package/freescale/KDS_2.0.0/toolchain/bin/../lib/gcc/arm-none-eabi/4.8.0/../../../../arm-none-eabi/lib/libg_s.a(lib_a-svfprintf.o)
 .text.__ssprint_r
                0x0000000000000000      0x100 /package/freescale/KDS_2.0.0/toolchain/bin/../lib/gcc/arm-none-eabi/4.8.0/../../../../arm-none-eabi/lib/libg_s.a(lib_a-svfprintf.o)
 .text          0x0000000000000000        0x0 /package/freescale/KDS_2.0.0/toolchain/bin/../lib/gcc/arm-none-eabi/4.8.0/../../../../arm-none-eabi/lib/libg_s.a(lib_a-syscalls.o)
 .data          0x0000000000000000        0x0 /package/freescale/KDS_2.0.0/toolchain/bin/../lib/gcc/arm-none-eabi/4.8.0/../../../../arm-none-eabi/lib/libg_s.a(lib_a-syscalls.o)
 .bss           0x0000000000000000        0x0 /package/freescale/KDS_2.0.0/toolchain/bin/../lib/gcc/arm-none-eabi/4.8.0/../../../../arm-none-eabi/lib/libg_s.a(lib_a-syscalls.o)
 .text.invalid_fd
                0x0000000000000000       0x1c /package/freescale/KDS_2.0.0/toolchain/bin/../lib/gcc/arm-none-eabi/4.8.0/../../../../arm-none-eabi/lib/libg_s.a(lib_a-syscalls.o)
 .text.error    0x0000000000000000       0x1c /package/freescale/KDS_2.0.0/toolchain/bin/../lib/gcc/arm-none-eabi/4.8.0/../../../../arm-none-eabi/lib/libg_s.a(lib_a-syscalls.o)
 .text.findslot.part.0
                0x0000000000000000       0x1c /package/freescale/KDS_2.0.0/toolchain/bin/../lib/gcc/arm-none-eabi/4.8.0/../../../../arm-none-eabi/lib/libg_s.a(lib_a-syscalls.o)
 .text.initialise_monitor_handles
                0x0000000000000000       0x78 /package/freescale/KDS_2.0.0/toolchain/bin/../lib/gcc/arm-none-eabi/4.8.0/../../../../arm-none-eabi/lib/libg_s.a(lib_a-syscalls.o)
 .text._swiread
                0x0000000000000000       0x26 /package/freescale/KDS_2.0.0/toolchain/bin/../lib/gcc/arm-none-eabi/4.8.0/../../../../arm-none-eabi/lib/libg_s.a(lib_a-syscalls.o)
 .text._read    0x0000000000000000       0x64 /package/freescale/KDS_2.0.0/toolchain/bin/../lib/gcc/arm-none-eabi/4.8.0/../../../../arm-none-eabi/lib/libg_s.a(lib_a-syscalls.o)
 .text._swilseek
                0x0000000000000000       0xa4 /package/freescale/KDS_2.0.0/toolchain/bin/../lib/gcc/arm-none-eabi/4.8.0/../../../../arm-none-eabi/lib/libg_s.a(lib_a-syscalls.o)
 .text._lseek   0x0000000000000000       0x10 /package/freescale/KDS_2.0.0/toolchain/bin/../lib/gcc/arm-none-eabi/4.8.0/../../../../arm-none-eabi/lib/libg_s.a(lib_a-syscalls.o)
 .text._swiwrite
                0x0000000000000000       0x26 /package/freescale/KDS_2.0.0/toolchain/bin/../lib/gcc/arm-none-eabi/4.8.0/../../../../arm-none-eabi/lib/libg_s.a(lib_a-syscalls.o)
 .text._write   0x0000000000000000       0x68 /package/freescale/KDS_2.0.0/toolchain/bin/../lib/gcc/arm-none-eabi/4.8.0/../../../../arm-none-eabi/lib/libg_s.a(lib_a-syscalls.o)
 .text._swiopen
                0x0000000000000000       0x84 /package/freescale/KDS_2.0.0/toolchain/bin/../lib/gcc/arm-none-eabi/4.8.0/../../../../arm-none-eabi/lib/libg_s.a(lib_a-syscalls.o)
 .text._open    0x0000000000000000       0x18 /package/freescale/KDS_2.0.0/toolchain/bin/../lib/gcc/arm-none-eabi/4.8.0/../../../../arm-none-eabi/lib/libg_s.a(lib_a-syscalls.o)
 .text._swiclose
                0x0000000000000000       0x40 /package/freescale/KDS_2.0.0/toolchain/bin/../lib/gcc/arm-none-eabi/4.8.0/../../../../arm-none-eabi/lib/libg_s.a(lib_a-syscalls.o)
 .text._close   0x0000000000000000       0x10 /package/freescale/KDS_2.0.0/toolchain/bin/../lib/gcc/arm-none-eabi/4.8.0/../../../../arm-none-eabi/lib/libg_s.a(lib_a-syscalls.o)
 .text._getpid  0x0000000000000000        0x4 /package/freescale/KDS_2.0.0/toolchain/bin/../lib/gcc/arm-none-eabi/4.8.0/../../../../arm-none-eabi/lib/libg_s.a(lib_a-syscalls.o)
 .text._fstat   0x0000000000000000       0x1e /package/freescale/KDS_2.0.0/toolchain/bin/../lib/gcc/arm-none-eabi/4.8.0/../../../../arm-none-eabi/lib/libg_s.a(lib_a-syscalls.o)
 .text._stat    0x0000000000000000       0x34 /package/freescale/KDS_2.0.0/toolchain/bin/../lib/gcc/arm-none-eabi/4.8.0/../../../../arm-none-eabi/lib/libg_s.a(lib_a-syscalls.o)
 .text._link    0x0000000000000000        0x6 /package/freescale/KDS_2.0.0/toolchain/bin/../lib/gcc/arm-none-eabi/4.8.0/../../../../arm-none-eabi/lib/libg_s.a(lib_a-syscalls.o)
 .text._unlink  0x0000000000000000       0x2a /package/freescale/KDS_2.0.0/toolchain/bin/../lib/gcc/arm-none-eabi/4.8.0/../../../../arm-none-eabi/lib/libg_s.a(lib_a-syscalls.o)
 .text._raise   0x0000000000000000        0x2 /package/freescale/KDS_2.0.0/toolchain/bin/../lib/gcc/arm-none-eabi/4.8.0/../../../../arm-none-eabi/lib/libg_s.a(lib_a-syscalls.o)
 .text._gettimeofday
                0x0000000000000000       0x2a /package/freescale/KDS_2.0.0/toolchain/bin/../lib/gcc/arm-none-eabi/4.8.0/../../../../arm-none-eabi/lib/libg_s.a(lib_a-syscalls.o)
 .text._times   0x0000000000000000       0x22 /package/freescale/KDS_2.0.0/toolchain/bin/../lib/gcc/arm-none-eabi/4.8.0/../../../../arm-none-eabi/lib/libg_s.a(lib_a-syscalls.o)
 .text._isatty  0x0000000000000000       0x44 /package/freescale/KDS_2.0.0/toolchain/bin/../lib/gcc/arm-none-eabi/4.8.0/../../../../arm-none-eabi/lib/libg_s.a(lib_a-syscalls.o)
 .text._system  0x0000000000000000       0x42 /package/freescale/KDS_2.0.0/toolchain/bin/../lib/gcc/arm-none-eabi/4.8.0/../../../../arm-none-eabi/lib/libg_s.a(lib_a-syscalls.o)
 .text._rename  0x0000000000000000       0x3a /package/freescale/KDS_2.0.0/toolchain/bin/../lib/gcc/arm-none-eabi/4.8.0/../../../../arm-none-eabi/lib/libg_s.a(lib_a-syscalls.o)
 .bss.monitor_stdout
                0x0000000000000000        0x4 /package/freescale/KDS_2.0.0/toolchain/bin/../lib/gcc/arm-none-eabi/4.8.0/../../../../arm-none-eabi/lib/libg_s.a(lib_a-syscalls.o)
 .bss.monitor_stdin
                0x0000000000000000        0x4 /package/freescale/KDS_2.0.0/toolchain/bin/../lib/gcc/arm-none-eabi/4.8.0/../../../../arm-none-eabi/lib/libg_s.a(lib_a-syscalls.o)
 .rodata.str1.1
                0x0000000000000000        0x4 /package/freescale/KDS_2.0.0/toolchain/bin/../lib/gcc/arm-none-eabi/4.8.0/../../../../arm-none-eabi/lib/libg_s.a(lib_a-syscalls.o)
 .bss.monitor_stderr
                0x0000000000000000        0x4 /package/freescale/KDS_2.0.0/toolchain/bin/../lib/gcc/arm-none-eabi/4.8.0/../../../../arm-none-eabi/lib/libg_s.a(lib_a-syscalls.o)
 .bss.openfiles
                0x0000000000000000       0xa0 /package/freescale/KDS_2.0.0/toolchain/bin/../lib/gcc/arm-none-eabi/4.8.0/../../../../arm-none-eabi/lib/libg_s.a(lib_a-syscalls.o)
 .text          0x0000000000000000        0x0 /package/freescale/KDS_2.0.0/toolchain/bin/../lib/gcc/arm-none-eabi/4.8.0/../../../../arm-none-eabi/lib/libg_s.a(lib_a-vfprintf_i.o)
 .data          0x0000000000000000        0x0 /package/freescale/KDS_2.0.0/toolchain/bin/../lib/gcc/arm-none-eabi/4.8.0/../../../../arm-none-eabi/lib/libg_s.a(lib_a-vfprintf_i.o)
 .bss           0x0000000000000000        0x0 /package/freescale/KDS_2.0.0/toolchain/bin/../lib/gcc/arm-none-eabi/4.8.0/../../../../arm-none-eabi/lib/libg_s.a(lib_a-vfprintf_i.o)
 .text          0x0000000000000000        0x0 /package/freescale/KDS_2.0.0/toolchain/bin/../lib/gcc/arm-none-eabi/4.8.0/../../../../arm-none-eabi/lib/libg_s.a(lib_a-__atexit.o)
 .data          0x0000000000000000        0x0 /package/freescale/KDS_2.0.0/toolchain/bin/../lib/gcc/arm-none-eabi/4.8.0/../../../../arm-none-eabi/lib/libg_s.a(lib_a-__atexit.o)
 .bss           0x0000000000000000        0x0 /package/freescale/KDS_2.0.0/toolchain/bin/../lib/gcc/arm-none-eabi/4.8.0/../../../../arm-none-eabi/lib/libg_s.a(lib_a-__atexit.o)
 .data.__atexit_dummy
                0x0000000000000000        0x4 /package/freescale/KDS_2.0.0/toolchain/bin/../lib/gcc/arm-none-eabi/4.8.0/../../../../arm-none-eabi/lib/libg_s.a(lib_a-__atexit.o)
 .text          0x0000000000000000        0x0 /package/freescale/KDS_2.0.0/toolchain/bin/../lib/gcc/arm-none-eabi/4.8.0/../../../../arm-none-eabi/lib/libg_s.a(lib_a-__call_atexit.o)
 .data          0x0000000000000000        0x0 /package/freescale/KDS_2.0.0/toolchain/bin/../lib/gcc/arm-none-eabi/4.8.0/../../../../arm-none-eabi/lib/libg_s.a(lib_a-__call_atexit.o)
 .bss           0x0000000000000000        0x0 /package/freescale/KDS_2.0.0/toolchain/bin/../lib/gcc/arm-none-eabi/4.8.0/../../../../arm-none-eabi/lib/libg_s.a(lib_a-__call_atexit.o)
 .text          0x0000000000000000        0x0 /package/freescale/KDS_2.0.0/toolchain/bin/../lib/gcc/arm-none-eabi/4.8.0/../../../../arm-none-eabi/lib/libg_s.a(lib_a-errno.o)
 .data          0x0000000000000000        0x0 /package/freescale/KDS_2.0.0/toolchain/bin/../lib/gcc/arm-none-eabi/4.8.0/../../../../arm-none-eabi/lib/libg_s.a(lib_a-errno.o)
 .bss           0x0000000000000000        0x0 /package/freescale/KDS_2.0.0/toolchain/bin/../lib/gcc/arm-none-eabi/4.8.0/../../../../arm-none-eabi/lib/libg_s.a(lib_a-errno.o)
 .text          0x0000000000000000        0x0 /package/freescale/KDS_2.0.0/toolchain/bin/../lib/gcc/arm-none-eabi/4.8.0/../../../../arm-none-eabi/lib/libg_s.a(lib_a-freer.o)
 .data          0x0000000000000000        0x0 /package/freescale/KDS_2.0.0/toolchain/bin/../lib/gcc/arm-none-eabi/4.8.0/../../../../arm-none-eabi/lib/libg_s.a(lib_a-freer.o)
 .bss           0x0000000000000000        0x0 /package/freescale/KDS_2.0.0/toolchain/bin/../lib/gcc/arm-none-eabi/4.8.0/../../../../arm-none-eabi/lib/libg_s.a(lib_a-freer.o)
 .text          0x0000000000000000        0x0 /package/freescale/KDS_2.0.0/toolchain/bin/../lib/gcc/arm-none-eabi/4.8.0/../../../../arm-none-eabi/lib/libg_s.a(lib_a-malloc.o)
 .data          0x0000000000000000        0x0 /package/freescale/KDS_2.0.0/toolchain/bin/../lib/gcc/arm-none-eabi/4.8.0/../../../../arm-none-eabi/lib/libg_s.a(lib_a-malloc.o)
 .bss           0x0000000000000000        0x0 /package/freescale/KDS_2.0.0/toolchain/bin/../lib/gcc/arm-none-eabi/4.8.0/../../../../arm-none-eabi/lib/libg_s.a(lib_a-malloc.o)
 .text          0x0000000000000000        0x0 /package/freescale/KDS_2.0.0/toolchain/bin/../lib/gcc/arm-none-eabi/4.8.0/../../../../arm-none-eabi/lib/libg_s.a(lib_a-mallocr.o)
 .data          0x0000000000000000        0x0 /package/freescale/KDS_2.0.0/toolchain/bin/../lib/gcc/arm-none-eabi/4.8.0/../../../../arm-none-eabi/lib/libg_s.a(lib_a-mallocr.o)
 .bss           0x0000000000000000        0x0 /package/freescale/KDS_2.0.0/toolchain/bin/../lib/gcc/arm-none-eabi/4.8.0/../../../../arm-none-eabi/lib/libg_s.a(lib_a-mallocr.o)
 .text          0x0000000000000000        0x0 /package/freescale/KDS_2.0.0/toolchain/bin/../lib/gcc/arm-none-eabi/4.8.0/../../../../arm-none-eabi/lib/libg_s.a(lib_a-memchr.o)
 .data          0x0000000000000000        0x0 /package/freescale/KDS_2.0.0/toolchain/bin/../lib/gcc/arm-none-eabi/4.8.0/../../../../arm-none-eabi/lib/libg_s.a(lib_a-memchr.o)
 .bss           0x0000000000000000        0x0 /package/freescale/KDS_2.0.0/toolchain/bin/../lib/gcc/arm-none-eabi/4.8.0/../../../../arm-none-eabi/lib/libg_s.a(lib_a-memchr.o)
 .text          0x0000000000000000        0x0 /package/freescale/KDS_2.0.0/toolchain/bin/../lib/gcc/arm-none-eabi/4.8.0/../../../../arm-none-eabi/lib/libg_s.a(lib_a-memcpy.o)
 .data          0x0000000000000000        0x0 /package/freescale/KDS_2.0.0/toolchain/bin/../lib/gcc/arm-none-eabi/4.8.0/../../../../arm-none-eabi/lib/libg_s.a(lib_a-memcpy.o)
 .bss           0x0000000000000000        0x0 /package/freescale/KDS_2.0.0/toolchain/bin/../lib/gcc/arm-none-eabi/4.8.0/../../../../arm-none-eabi/lib/libg_s.a(lib_a-memcpy.o)
 .text          0x0000000000000000        0x0 /package/freescale/KDS_2.0.0/toolchain/bin/../lib/gcc/arm-none-eabi/4.8.0/../../../../arm-none-eabi/lib/libg_s.a(lib_a-memmove.o)
 .data          0x0000000000000000        0x0 /package/freescale/KDS_2.0.0/toolchain/bin/../lib/gcc/arm-none-eabi/4.8.0/../../../../arm-none-eabi/lib/libg_s.a(lib_a-memmove.o)
 .bss           0x0000000000000000        0x0 /package/freescale/KDS_2.0.0/toolchain/bin/../lib/gcc/arm-none-eabi/4.8.0/../../../../arm-none-eabi/lib/libg_s.a(lib_a-memmove.o)
 .text.memmove  0x0000000000000000       0x30 /package/freescale/KDS_2.0.0/toolchain/bin/../lib/gcc/arm-none-eabi/4.8.0/../../../../arm-none-eabi/lib/libg_s.a(lib_a-memmove.o)
 .comment       0x0000000000000000       0x12 /package/freescale/KDS_2.0.0/toolchain/bin/../lib/gcc/arm-none-eabi/4.8.0/../../../../arm-none-eabi/lib/libg_s.a(lib_a-memmove.o)
 .ARM.attributes
                0x0000000000000000       0x31 /package/freescale/KDS_2.0.0/toolchain/bin/../lib/gcc/arm-none-eabi/4.8.0/../../../../arm-none-eabi/lib/libg_s.a(lib_a-memmove.o)
 .text          0x0000000000000000        0x0 /package/freescale/KDS_2.0.0/toolchain/bin/../lib/gcc/arm-none-eabi/4.8.0/../../../../arm-none-eabi/lib/libg_s.a(lib_a-reallocr.o)
 .data          0x0000000000000000        0x0 /package/freescale/KDS_2.0.0/toolchain/bin/../lib/gcc/arm-none-eabi/4.8.0/../../../../arm-none-eabi/lib/libg_s.a(lib_a-reallocr.o)
 .bss           0x0000000000000000        0x0 /package/freescale/KDS_2.0.0/toolchain/bin/../lib/gcc/arm-none-eabi/4.8.0/../../../../arm-none-eabi/lib/libg_s.a(lib_a-reallocr.o)
 .text          0x0000000000000000        0x0 /package/freescale/KDS_2.0.0/toolchain/bin/../lib/gcc/arm-none-eabi/4.8.0/../../../../arm-none-eabi/lib/libg_s.a(lib_a-sbrkr.o)
 .data          0x0000000000000000        0x0 /package/freescale/KDS_2.0.0/toolchain/bin/../lib/gcc/arm-none-eabi/4.8.0/../../../../arm-none-eabi/lib/libg_s.a(lib_a-sbrkr.o)
 .bss           0x0000000000000000        0x0 /package/freescale/KDS_2.0.0/toolchain/bin/../lib/gcc/arm-none-eabi/4.8.0/../../../../arm-none-eabi/lib/libg_s.a(lib_a-sbrkr.o)
 .text          0x0000000000000000        0x0 /package/freescale/KDS_2.0.0/toolchain/bin/../lib/gcc/arm-none-eabi/4.8.0/../../../../arm-none-eabi/lib/libg_s.a(lib_a-strlen.o)
 .data          0x0000000000000000        0x0 /package/freescale/KDS_2.0.0/toolchain/bin/../lib/gcc/arm-none-eabi/4.8.0/../../../../arm-none-eabi/lib/libg_s.a(lib_a-strlen.o)
 .bss           0x0000000000000000        0x0 /package/freescale/KDS_2.0.0/toolchain/bin/../lib/gcc/arm-none-eabi/4.8.0/../../../../arm-none-eabi/lib/libg_s.a(lib_a-strlen.o)
 .text          0x0000000000000000        0x0 /package/freescale/KDS_2.0.0/toolchain/bin/../lib/gcc/arm-none-eabi/4.8.0/../../../../arm-none-eabi/lib/libg_s.a(lib_a-msizer.o)
 .data          0x0000000000000000        0x0 /package/freescale/KDS_2.0.0/toolchain/bin/../lib/gcc/arm-none-eabi/4.8.0/../../../../arm-none-eabi/lib/libg_s.a(lib_a-msizer.o)
 .bss           0x0000000000000000        0x0 /package/freescale/KDS_2.0.0/toolchain/bin/../lib/gcc/arm-none-eabi/4.8.0/../../../../arm-none-eabi/lib/libg_s.a(lib_a-msizer.o)
 .text          0x0000000000000000        0x0 /package/freescale/KDS_2.0.0/toolchain/bin/../lib/gcc/arm-none-eabi/4.8.0/../../../../arm-none-eabi/lib/libg_s.a(lib_a-reent.o)
 .data          0x0000000000000000        0x0 /package/freescale/KDS_2.0.0/toolchain/bin/../lib/gcc/arm-none-eabi/4.8.0/../../../../arm-none-eabi/lib/libg_s.a(lib_a-reent.o)
 .bss           0x0000000000000000        0x0 /package/freescale/KDS_2.0.0/toolchain/bin/../lib/gcc/arm-none-eabi/4.8.0/../../../../arm-none-eabi/lib/libg_s.a(lib_a-reent.o)
 .text.cleanup_glue
                0x0000000000000000       0x1a /package/freescale/KDS_2.0.0/toolchain/bin/../lib/gcc/arm-none-eabi/4.8.0/../../../../arm-none-eabi/lib/libg_s.a(lib_a-reent.o)
 .text._reclaim_reent
                0x0000000000000000       0x7c /package/freescale/KDS_2.0.0/toolchain/bin/../lib/gcc/arm-none-eabi/4.8.0/../../../../arm-none-eabi/lib/libg_s.a(lib_a-reent.o)
 .text._wrapup_reent
                0x0000000000000000       0x38 /package/freescale/KDS_2.0.0/toolchain/bin/../lib/gcc/arm-none-eabi/4.8.0/../../../../arm-none-eabi/lib/libg_s.a(lib_a-reent.o)
 .text          0x0000000000000000        0x0 /package/freescale/KDS_2.0.0/toolchain/bin/../lib/gcc/arm-none-eabi/4.8.0/crtend.o
 .data          0x0000000000000000        0x0 /package/freescale/KDS_2.0.0/toolchain/bin/../lib/gcc/arm-none-eabi/4.8.0/crtend.o
 .bss           0x0000000000000000        0x0 /package/freescale/KDS_2.0.0/toolchain/bin/../lib/gcc/arm-none-eabi/4.8.0/crtend.o
 .eh_frame      0x0000000000000000        0x4 /package/freescale/KDS_2.0.0/toolchain/bin/../lib/gcc/arm-none-eabi/4.8.0/crtend.o
 .text          0x0000000000000000        0x0 /package/freescale/KDS_2.0.0/toolchain/bin/../lib/gcc/arm-none-eabi/4.8.0/crtn.o
 .data          0x0000000000000000        0x0 /package/freescale/KDS_2.0.0/toolchain/bin/../lib/gcc/arm-none-eabi/4.8.0/crtn.o
 .bss           0x0000000000000000        0x0 /package/freescale/KDS_2.0.0/toolchain/bin/../lib/gcc/arm-none-eabi/4.8.0/crtn.o

Memory Configuration

Name             Origin             Length             Attributes
m_interrupts     0x0000000000000000 0x0000000000000100 xr
m_flash_config   0x0000000000000400 0x0000000000000010 xr
m_text           0x0000000000000410 0x000000000003fbf0 xr
m_data           0x000000001fffe000 0x0000000000008000 rw
*default*        0x0000000000000000 0xffffffffffffffff

Linker script and memory map

LOAD /package/freescale/KDS_2.0.0/toolchain/bin/../lib/gcc/arm-none-eabi/4.8.0/crti.o
LOAD /package/freescale/KDS_2.0.0/toolchain/bin/../lib/gcc/arm-none-eabi/4.8.0/crtbegin.o
LOAD /package/freescale/KDS_2.0.0/toolchain/bin/../lib/gcc/arm-none-eabi/4.8.0/../../../../arm-none-eabi/lib/crt0.o
LOAD ./Sources/slcd.o
LOAD ./Sources/stopwatch.o
LOAD ./Project_Settings/Startup_Code/startup_MKL46Z4.o
LOAD ./Project_Settings/Startup_Code/system_MKL46Z4.o
LOAD /package/freescale/KDS_2.0.0/toolchain/bin/../lib/gcc/arm-none-eabi/4.8.0/../../../../arm-none-eabi/lib/libstdc++.a
LOAD /package/freescale/KDS_2.0.0/toolchain/bin/../lib/gcc/arm-none-eabi/4.8.0/../../../../arm-none-eabi/lib/libm.a
START GROUP
LOAD /package/freescale/KDS_2.0.0/toolchain/bin/../lib/gcc/arm-none-eabi/4.8.0/libgcc.a
LOAD /package/freescale/KDS_2.0.0/toolchain/bin/../lib/gcc/arm-none-eabi/4.8.0/../../../../arm-none-eabi/lib/libg_s.a
LOAD /package/freescale/KDS_2.0.0/toolchain/bin/../lib/gcc/arm-none-eabi/4.8.0/../../../../arm-none-eabi/lib/libc_s.a
END GROUP
LOAD /package/freescale/KDS_2.0.0/toolchain/bin/../lib/gcc/arm-none-eabi/4.8.0/crtend.o
LOAD /package/freescale/KDS_2.0.0/toolchain/bin/../lib/gcc/arm-none-eabi/4.8.0/crtn.o
                0x0000000000000400                HEAP_SIZE = DEFINED (__heap_size__)?__heap_size__:0x400
                0x0000000000000400                STACK_SIZE = DEFINED (__stack_size__)?__stack_size__:0x400

.interrupts     0x0000000000000000       0xc0
                0x0000000000000000                __VECTOR_TABLE = .
                0x0000000000000000                . = ALIGN (0x4)
 *(.isr_vector)
 .isr_vector    0x0000000000000000       0xc0 ./Project_Settings/Startup_Code/startup_MKL46Z4.o
                0x0000000000000000                __isr_vector
                0x00000000000000c0                . = ALIGN (0x4)

.flash_config   0x0000000000000400       0x10
                0x0000000000000400                . = ALIGN (0x4)
 *(.FlashConfig)
 .FlashConfig   0x0000000000000400       0x10 ./Project_Settings/Startup_Code/startup_MKL46Z4.o
                0x0000000000000410                . = ALIGN (0x4)

.text           0x0000000000000410     0x16e8
                0x0000000000000410                . = ALIGN (0x4)
 *(.text)
 .text          0x0000000000000410       0xf4 /package/freescale/KDS_2.0.0/toolchain/bin/../lib/gcc/arm-none-eabi/4.8.0/../../../../arm-none-eabi/lib/crt0.o
                0x0000000000000440                _start
 .text          0x0000000000000504       0x44 ./Project_Settings/Startup_Code/startup_MKL46Z4.o
                0x0000000000000504                Reset_Handler
                0x0000000000000544                I2C0_IRQHandler
                0x0000000000000544                HardFault_Handler
                0x0000000000000544                SysTick_Handler
                0x0000000000000544                PendSV_Handler
                0x0000000000000544                NMI_Handler
                0x0000000000000544                I2C1_IRQHandler
                0x0000000000000544                UART1_IRQHandler
                0x0000000000000544                DMA2_IRQHandler
                0x0000000000000544                I2S0_IRQHandler
                0x0000000000000544                TSI0_IRQHandler
                0x0000000000000544                UART0_IRQHandler
                0x0000000000000544                ADC0_IRQHandler
                0x0000000000000544                SPI1_IRQHandler
                0x0000000000000544                DefaultISR
                0x0000000000000544                TPM2_IRQHandler
                0x0000000000000544                LPTimer_IRQHandler
                0x0000000000000544                RTC_IRQHandler
                0x0000000000000544                LCD_IRQHandler
                0x0000000000000544                RTC_Seconds_IRQHandler
                0x0000000000000544                MCG_IRQHandler
                0x0000000000000544                UART2_IRQHandler
                0x0000000000000544                Reserved20_IRQHandler
                0x0000000000000544                Default_Handler
                0x0000000000000544                USB0_IRQHandler
                0x0000000000000544                LLW_IRQHandler
                0x0000000000000544                PIT_IRQHandler
                0x0000000000000544                SVC_Handler
                0x0000000000000544                DMA3_IRQHandler
                0x0000000000000544                DMA0_IRQHandler
                0x0000000000000544                DAC0_IRQHandler
                0x0000000000000544                TPM1_IRQHandler
                0x0000000000000544                LVD_LVW_IRQHandler
                0x0000000000000544                SPI0_IRQHandler
                0x0000000000000544                PORTA_IRQHandler
                0x0000000000000544                FTFA_IRQHandler
                0x0000000000000544                CMP0_IRQHandler
                0x0000000000000544                DMA1_IRQHandler
 .text          0x0000000000000548       0x9c /package/freescale/KDS_2.0.0/toolchain/bin/../lib/gcc/arm-none-eabi/4.8.0/libgcc.a(_udivsi3.o)
                0x0000000000000548                __udivsi3
                0x0000000000000548                __aeabi_uidiv
                0x00000000000005d0                __aeabi_uidivmod
 .text          0x00000000000005e4        0x4 /package/freescale/KDS_2.0.0/toolchain/bin/../lib/gcc/arm-none-eabi/4.8.0/libgcc.a(_dvmd_tls.o)
                0x00000000000005e4                __aeabi_ldiv0
                0x00000000000005e4                __aeabi_idiv0
 *(.text*)
 .text.deregister_tm_clones
                0x00000000000005e8       0x24 /package/freescale/KDS_2.0.0/toolchain/bin/../lib/gcc/arm-none-eabi/4.8.0/crtbegin.o
 .text.register_tm_clones
                0x000000000000060c       0x28 /package/freescale/KDS_2.0.0/toolchain/bin/../lib/gcc/arm-none-eabi/4.8.0/crtbegin.o
 .text.__do_global_dtors_aux
                0x0000000000000634       0x30 /package/freescale/KDS_2.0.0/toolchain/bin/../lib/gcc/arm-none-eabi/4.8.0/crtbegin.o
 .text.frame_dummy
                0x0000000000000664       0x3c /package/freescale/KDS_2.0.0/toolchain/bin/../lib/gcc/arm-none-eabi/4.8.0/crtbegin.o
 .text.SLCD_Init
                0x00000000000006a0       0x8c ./Sources/slcd.o
                0x00000000000006a0                SLCD_Init
 .text.SLCD_EnablePins
                0x000000000000072c       0xfc ./Sources/slcd.o
                0x000000000000072c                SLCD_EnablePins
 .text.SLCD_WriteMsg
                0x0000000000000828       0x74 ./Sources/slcd.o
                0x0000000000000828                SLCD_WriteMsg
 .text.SLCD_WriteChar
                0x000000000000089c      0x120 ./Sources/slcd.o
                0x000000000000089c                SLCD_WriteChar
 .text.NVIC_EnableIRQ
                0x00000000000009bc       0x2c ./Sources/stopwatch.o
 .text.PTC_STATE
                0x00000000000009e8       0x28 ./Sources/stopwatch.o
                0x00000000000009e8                PTC_STATE
 .text.LED_Init
                0x0000000000000a10       0x94 ./Sources/stopwatch.o
                0x0000000000000a10                LED_Init
 .text.SWITCH_Init
                0x0000000000000aa4       0xb0 ./Sources/stopwatch.o
                0x0000000000000aa4                SWITCH_Init
 .text.TIMER_Init
                0x0000000000000b54       0x7c ./Sources/stopwatch.o
                0x0000000000000b54                TIMER_Init
 .text.TPM0_IRQHandler
                0x0000000000000bd0       0x24 ./Sources/stopwatch.o
                0x0000000000000bd0                TPM0_IRQHandler
 .text.PORTC_PORTD_IRQHandler
                0x0000000000000bf4       0x84 ./Sources/stopwatch.o
                0x0000000000000bf4                PORTC_PORTD_IRQHandler
 .text.main     0x0000000000000c78      0x20c ./Sources/stopwatch.o
                0x0000000000000c78                main
 .text.SystemInit
                0x0000000000000e84       0xe0 ./Project_Settings/Startup_Code/system_MKL46Z4.o
                0x0000000000000e84                SystemInit
 .text.atexit   0x0000000000000f64       0x10 /package/freescale/KDS_2.0.0/toolchain/bin/../lib/gcc/arm-none-eabi/4.8.0/../../../../arm-none-eabi/lib/libg_s.a(lib_a-atexit.o)
                0x0000000000000f64                atexit
 .text.exit     0x0000000000000f74       0x30 /package/freescale/KDS_2.0.0/toolchain/bin/../lib/gcc/arm-none-eabi/4.8.0/../../../../arm-none-eabi/lib/libg_s.a(lib_a-exit.o)
                0x0000000000000f74                exit
 .text.__libc_fini_array
                0x0000000000000fa4       0x28 /package/freescale/KDS_2.0.0/toolchain/bin/../lib/gcc/arm-none-eabi/4.8.0/../../../../arm-none-eabi/lib/libg_s.a(lib_a-fini.o)
                0x0000000000000fa4                __libc_fini_array
 .text.memset   0x0000000000000fcc       0x12 /package/freescale/KDS_2.0.0/toolchain/bin/../lib/gcc/arm-none-eabi/4.8.0/../../../../arm-none-eabi/lib/libg_s.a(lib_a-memset.o)
                0x0000000000000fcc                memset
 *fill*         0x0000000000000fde        0x2 
 .text.snprintf
                0x0000000000000fe0       0x64 /package/freescale/KDS_2.0.0/toolchain/bin/../lib/gcc/arm-none-eabi/4.8.0/../../../../arm-none-eabi/lib/libg_s.a(lib_a-snprintf.o)
                0x0000000000000fe0                snprintf
                0x0000000000000fe0                sniprintf
 .text.__ssputc_r
                0x0000000000001044       0xb0 /package/freescale/KDS_2.0.0/toolchain/bin/../lib/gcc/arm-none-eabi/4.8.0/../../../../arm-none-eabi/lib/libg_s.a(lib_a-svfprintf.o)
                0x0000000000001044                __ssputc_r
 .text._svfprintf_r
                0x00000000000010f4      0x1f8 /package/freescale/KDS_2.0.0/toolchain/bin/../lib/gcc/arm-none-eabi/4.8.0/../../../../arm-none-eabi/lib/libg_s.a(lib_a-svfprintf.o)
                0x00000000000010f4                _svfprintf_r
                0x00000000000010f4                _svfiprintf_r
 .text._kill    0x00000000000012ec       0x24 /package/freescale/KDS_2.0.0/toolchain/bin/../lib/gcc/arm-none-eabi/4.8.0/../../../../arm-none-eabi/lib/libg_s.a(lib_a-syscalls.o)
                0x00000000000012ec                _kill
 .text._exit    0x0000000000001310        0xc /package/freescale/KDS_2.0.0/toolchain/bin/../lib/gcc/arm-none-eabi/4.8.0/../../../../arm-none-eabi/lib/libg_s.a(lib_a-syscalls.o)
                0x0000000000001310                _exit
 .text._sbrk    0x000000000000131c       0x38 /package/freescale/KDS_2.0.0/toolchain/bin/../lib/gcc/arm-none-eabi/4.8.0/../../../../arm-none-eabi/lib/libg_s.a(lib_a-syscalls.o)
                0x000000000000131c                _sbrk
 .text._printf_common
                0x0000000000001354       0xe0 /package/freescale/KDS_2.0.0/toolchain/bin/../lib/gcc/arm-none-eabi/4.8.0/../../../../arm-none-eabi/lib/libg_s.a(lib_a-vfprintf_i.o)
                0x0000000000001354                _printf_common
 .text._printf_i
                0x0000000000001434      0x230 /package/freescale/KDS_2.0.0/toolchain/bin/../lib/gcc/arm-none-eabi/4.8.0/../../../../arm-none-eabi/lib/libg_s.a(lib_a-vfprintf_i.o)
                0x0000000000001434                _printf_i
 .text.__do_register_exitproc
                0x0000000000001664       0x80 /package/freescale/KDS_2.0.0/toolchain/bin/../lib/gcc/arm-none-eabi/4.8.0/../../../../arm-none-eabi/lib/libg_s.a(lib_a-__atexit.o)
                0x0000000000001664                __do_register_exitproc
 .text.__call_exitprocs
                0x00000000000016e4       0xa8 /package/freescale/KDS_2.0.0/toolchain/bin/../lib/gcc/arm-none-eabi/4.8.0/../../../../arm-none-eabi/lib/libg_s.a(lib_a-__call_atexit.o)
                0x00000000000016e4                __call_exitprocs
 .text.__errno  0x000000000000178c        0xc /package/freescale/KDS_2.0.0/toolchain/bin/../lib/gcc/arm-none-eabi/4.8.0/../../../../arm-none-eabi/lib/libg_s.a(lib_a-errno.o)
                0x000000000000178c                __errno
 .text._free_r  0x0000000000001798       0x90 /package/freescale/KDS_2.0.0/toolchain/bin/../lib/gcc/arm-none-eabi/4.8.0/../../../../arm-none-eabi/lib/libg_s.a(lib_a-freer.o)
                0x0000000000001798                _free_r
 .text.malloc   0x0000000000001828       0x14 /package/freescale/KDS_2.0.0/toolchain/bin/../lib/gcc/arm-none-eabi/4.8.0/../../../../arm-none-eabi/lib/libg_s.a(lib_a-malloc.o)
                0x0000000000001828                malloc
 .text.free     0x000000000000183c       0x14 /package/freescale/KDS_2.0.0/toolchain/bin/../lib/gcc/arm-none-eabi/4.8.0/../../../../arm-none-eabi/lib/libg_s.a(lib_a-malloc.o)
                0x000000000000183c                free
 .text._malloc_r
                0x0000000000001850       0x98 /package/freescale/KDS_2.0.0/toolchain/bin/../lib/gcc/arm-none-eabi/4.8.0/../../../../arm-none-eabi/lib/libg_s.a(lib_a-mallocr.o)
                0x0000000000001850                _malloc_r
 .text.memchr   0x00000000000018e8       0x18 /package/freescale/KDS_2.0.0/toolchain/bin/../lib/gcc/arm-none-eabi/4.8.0/../../../../arm-none-eabi/lib/libg_s.a(lib_a-memchr.o)
                0x00000000000018e8                memchr
 .text.memcpy   0x0000000000001900       0x12 /package/freescale/KDS_2.0.0/toolchain/bin/../lib/gcc/arm-none-eabi/4.8.0/../../../../arm-none-eabi/lib/libg_s.a(lib_a-memcpy.o)
                0x0000000000001900                memcpy
 .text._realloc_r
                0x0000000000001912       0x4c /package/freescale/KDS_2.0.0/toolchain/bin/../lib/gcc/arm-none-eabi/4.8.0/../../../../arm-none-eabi/lib/libg_s.a(lib_a-reallocr.o)
                0x0000000000001912                _realloc_r
 *fill*         0x000000000000195e        0x2 
 .text._sbrk_r  0x0000000000001960       0x24 /package/freescale/KDS_2.0.0/toolchain/bin/../lib/gcc/arm-none-eabi/4.8.0/../../../../arm-none-eabi/lib/libg_s.a(lib_a-sbrkr.o)
                0x0000000000001960                _sbrk_r
 .text.strlen   0x0000000000001984        0xe /package/freescale/KDS_2.0.0/toolchain/bin/../lib/gcc/arm-none-eabi/4.8.0/../../../../arm-none-eabi/lib/libg_s.a(lib_a-strlen.o)
                0x0000000000001984                strlen
 .text._malloc_usable_size_r
                0x0000000000001992       0x14 /package/freescale/KDS_2.0.0/toolchain/bin/../lib/gcc/arm-none-eabi/4.8.0/../../../../arm-none-eabi/lib/libg_s.a(lib_a-msizer.o)
                0x0000000000001992                _malloc_usable_size_r
 *(.rodata)
 *fill*         0x00000000000019a6        0x2 
 .rodata        0x00000000000019a8        0xc ./Sources/stopwatch.o
 *(.rodata*)
 .rodata.MASK_BIT
                0x00000000000019b4       0x80 ./Sources/slcd.o
                0x00000000000019b4                MASK_BIT
 .rodata.WF_ORDERING_TABLE
                0x0000000000001a34        0xc ./Sources/slcd.o
                0x0000000000001a34                WF_ORDERING_TABLE
 .rodata.ASCII_TO_WF_CODIFICATION_TABLE
                0x0000000000001a40       0x64 ./Sources/slcd.o
                0x0000000000001a40                ASCII_TO_WF_CODIFICATION_TABLE
 .rodata.str1.1
                0x0000000000001aa4        0x2 /package/freescale/KDS_2.0.0/toolchain/bin/../lib/gcc/arm-none-eabi/4.8.0/../../../../arm-none-eabi/lib/libg_s.a(lib_a-impure.o)
 *fill*         0x0000000000001aa6        0x2 
 .rodata._global_impure_ptr
                0x0000000000001aa8        0x4 /package/freescale/KDS_2.0.0/toolchain/bin/../lib/gcc/arm-none-eabi/4.8.0/../../../../arm-none-eabi/lib/libg_s.a(lib_a-impure.o)
                0x0000000000001aa8                _global_impure_ptr
 .rodata.str1.1
                0x0000000000001aac       0x11 /package/freescale/KDS_2.0.0/toolchain/bin/../lib/gcc/arm-none-eabi/4.8.0/../../../../arm-none-eabi/lib/libg_s.a(lib_a-svfprintf.o)
 .rodata.str1.1
                0x0000000000001abd       0x22 /package/freescale/KDS_2.0.0/toolchain/bin/../lib/gcc/arm-none-eabi/4.8.0/../../../../arm-none-eabi/lib/libg_s.a(lib_a-vfprintf_i.o)
 *(.glue_7)
 .glue_7        0x0000000000000000        0x0 linker stubs
 *(.glue_7t)
 .glue_7t       0x0000000000000000        0x0 linker stubs
 *(.eh_frame)
 *fill*         0x0000000000001adf        0x1 
 .eh_frame      0x0000000000001ae0        0x0 /package/freescale/KDS_2.0.0/toolchain/bin/../lib/gcc/arm-none-eabi/4.8.0/crtbegin.o
 *(.init)
 .init          0x0000000000001ae0        0x4 /package/freescale/KDS_2.0.0/toolchain/bin/../lib/gcc/arm-none-eabi/4.8.0/crti.o
                0x0000000000001ae0                _init
 .init          0x0000000000001ae4        0x8 /package/freescale/KDS_2.0.0/toolchain/bin/../lib/gcc/arm-none-eabi/4.8.0/crtn.o
 *(.fini)
 .fini          0x0000000000001aec        0x4 /package/freescale/KDS_2.0.0/toolchain/bin/../lib/gcc/arm-none-eabi/4.8.0/crti.o
                0x0000000000001aec                _fini
 .fini          0x0000000000001af0        0x8 /package/freescale/KDS_2.0.0/toolchain/bin/../lib/gcc/arm-none-eabi/4.8.0/crtn.o
                0x0000000000001af8                . = ALIGN (0x4)

.vfp11_veneer   0x0000000000001af8        0x0
 .vfp11_veneer  0x0000000000000000        0x0 linker stubs

.v4_bx          0x0000000000001af8        0x0
 .v4_bx         0x0000000000000000        0x0 linker stubs

.iplt           0x0000000000001af8        0x0
 .iplt          0x0000000000000000        0x0 /package/freescale/KDS_2.0.0/toolchain/bin/../lib/gcc/arm-none-eabi/4.8.0/crtbegin.o

.rel.dyn        0x0000000000001af8        0x0
 .rel.iplt      0x0000000000000000        0x0 /package/freescale/KDS_2.0.0/toolchain/bin/../lib/gcc/arm-none-eabi/4.8.0/crtbegin.o

.ARM.extab
 *(.ARM.extab* .gnu.linkonce.armextab.*)

.ARM            0x0000000000001af8        0x0
                0x0000000000001af8                __exidx_start = .
 *(.ARM.exidx*)
                0x0000000000001af8                __exidx_end = .

.ctors          0x0000000000001af8        0x0
                0x0000000000001af8                __CTOR_LIST__ = .
 *crtbegin.o(.ctors)
 *crtbegin?.o(.ctors)
 *(EXCLUDE_FILE(*crtend.o *crtend?.o) .ctors)
 *(SORT(.ctors.*))
 *(.ctors)
                0x0000000000001af8                __CTOR_END__ = .

.dtors          0x0000000000001af8        0x0
                0x0000000000001af8                __DTOR_LIST__ = .
 *crtbegin.o(.dtors)
 *crtbegin?.o(.dtors)
 *(EXCLUDE_FILE(*crtend.o *crtend?.o) .dtors)
 *(SORT(.dtors.*))
 *(.dtors)
                0x0000000000001af8                __DTOR_END__ = .

.preinit_array  0x0000000000001af8        0x0
                0x0000000000001af8                PROVIDE (__preinit_array_start, .)
 *(.preinit_array*)
                0x0000000000001af8                PROVIDE (__preinit_array_end, .)

.init_array     0x0000000000001af8        0x4
                0x0000000000001af8                PROVIDE (__init_array_start, .)
 *(SORT(.init_array.*))
 *(.init_array*)
 .init_array    0x0000000000001af8        0x4 /package/freescale/KDS_2.0.0/toolchain/bin/../lib/gcc/arm-none-eabi/4.8.0/crtbegin.o
                0x0000000000001afc                PROVIDE (__init_array_end, .)

.fini_array     0x0000000000001afc        0x4
                0x0000000000001afc                PROVIDE (__fini_array_start, .)
 *(SORT(.fini_array.*))
 *(.fini_array*)
 .fini_array    0x0000000000001afc        0x4 /package/freescale/KDS_2.0.0/toolchain/bin/../lib/gcc/arm-none-eabi/4.8.0/crtbegin.o
                0x0000000000001b00                PROVIDE (__fini_array_end, .)
                0x0000000000001b00                __etext = .
                0x0000000000001b00                __DATA_ROM = .

.mtb            0x000000001fffe000        0x0
                0x000000001fffe000                . = ALIGN (0x8)
                0x000000001fffe000                _mtb_start = .
 *(.mtb_buf)
                0x000000001fffe000                . = ALIGN (0x8)
                0x000000001fffe000                _mtb_end = .

.data           0x000000001fffe000      0x2a0 load address 0x0000000000001b00
                0x000000001fffe000                . = ALIGN (0x4)
                0x000000001fffe000                __DATA_RAM = .
                0x000000001fffe000                __data_start__ = .
 *(.data)
 *(.data*)
 .data.impure_data
                0x000000001fffe000      0x298 /package/freescale/KDS_2.0.0/toolchain/bin/../lib/gcc/arm-none-eabi/4.8.0/../../../../arm-none-eabi/lib/libg_s.a(lib_a-impure.o)
 .data._impure_ptr
                0x000000001fffe298        0x4 /package/freescale/KDS_2.0.0/toolchain/bin/../lib/gcc/arm-none-eabi/4.8.0/../../../../arm-none-eabi/lib/libg_s.a(lib_a-impure.o)
                0x000000001fffe298                _impure_ptr
 *(.jcr*)
 .jcr           0x000000001fffe29c        0x0 /package/freescale/KDS_2.0.0/toolchain/bin/../lib/gcc/arm-none-eabi/4.8.0/crtbegin.o
 .jcr           0x000000001fffe29c        0x4 /package/freescale/KDS_2.0.0/toolchain/bin/../lib/gcc/arm-none-eabi/4.8.0/crtend.o
                0x000000001fffe2a0                . = ALIGN (0x4)
                0x000000001fffe2a0                __data_end__ = .
                0x0000000000001da0                __DATA_END = (__DATA_ROM + (__data_end__ - __data_start__))

.tm_clone_table
                0x000000001fffe2a0        0x0 load address 0x0000000000001da0
 .tm_clone_table
                0x000000001fffe2a0        0x0 /package/freescale/KDS_2.0.0/toolchain/bin/../lib/gcc/arm-none-eabi/4.8.0/crtbegin.o
 .tm_clone_table
                0x000000001fffe2a0        0x0 /package/freescale/KDS_2.0.0/toolchain/bin/../lib/gcc/arm-none-eabi/4.8.0/crtend.o

.igot.plt       0x000000001fffe2a0        0x0 load address 0x0000000000001da0
 .igot.plt      0x0000000000000000        0x0 /package/freescale/KDS_2.0.0/toolchain/bin/../lib/gcc/arm-none-eabi/4.8.0/crtbegin.o

.bss            0x000000001fffe2a0       0x40 load address 0x0000000000001da0
                0x000000001fffe2a0                . = ALIGN (0x4)
                0x000000001fffe2a0                __START_BSS = .
                0x000000001fffe2a0                __bss_start__ = .
 *(.bss)
 *(.bss*)
 .bss.completed.6137
                0x000000001fffe2a0        0x1 /package/freescale/KDS_2.0.0/toolchain/bin/../lib/gcc/arm-none-eabi/4.8.0/crtbegin.o
 *fill*         0x000000001fffe2a1        0x3 
 .bss.object.6142
                0x000000001fffe2a4       0x18 /package/freescale/KDS_2.0.0/toolchain/bin/../lib/gcc/arm-none-eabi/4.8.0/crtbegin.o
 .bss.enumStopWatchState
                0x000000001fffe2bc        0x1 ./Sources/stopwatch.o
                0x000000001fffe2bc                enumStopWatchState
 .bss.bStartStopSwitchPressed
                0x000000001fffe2bd        0x1 ./Sources/stopwatch.o
                0x000000001fffe2bd                bStartStopSwitchPressed
 .bss.bResetSwitchPressed
                0x000000001fffe2be        0x1 ./Sources/stopwatch.o
                0x000000001fffe2be                bResetSwitchPressed
 .bss.bIsTimerExpired
                0x000000001fffe2bf        0x1 ./Sources/stopwatch.o
                0x000000001fffe2bf                bIsTimerExpired
 .bss.ucSecond  0x000000001fffe2c0        0x1 ./Sources/stopwatch.o
                0x000000001fffe2c0                ucSecond
 .bss.ucHundredsMilliSecond
                0x000000001fffe2c1        0x1 ./Sources/stopwatch.o
                0x000000001fffe2c1                ucHundredsMilliSecond
 .bss.ucMinute  0x000000001fffe2c2        0x1 ./Sources/stopwatch.o
                0x000000001fffe2c2                ucMinute
 *fill*         0x000000001fffe2c3        0x1 
 .bss.usTimeElapsed
                0x000000001fffe2c4        0x2 ./Sources/stopwatch.o
                0x000000001fffe2c4                usTimeElapsed
 *fill*         0x000000001fffe2c6        0x2 
 .bss.ucaryLCDMsg
                0x000000001fffe2c8        0x8 ./Sources/stopwatch.o
                0x000000001fffe2c8                ucaryLCDMsg
 .bss.heap_end.5175
                0x000000001fffe2d0        0x4 /package/freescale/KDS_2.0.0/toolchain/bin/../lib/gcc/arm-none-eabi/4.8.0/../../../../arm-none-eabi/lib/libg_s.a(lib_a-syscalls.o)
 .bss.__malloc_free_list
                0x000000001fffe2d4        0x4 /package/freescale/KDS_2.0.0/toolchain/bin/../lib/gcc/arm-none-eabi/4.8.0/../../../../arm-none-eabi/lib/libg_s.a(lib_a-mallocr.o)
                0x000000001fffe2d4                __malloc_free_list
 *(COMMON)
 COMMON         0x000000001fffe2d8        0x1 ./Sources/slcd.o
                0x000000001fffe2d8                bLCD_CharPosition
 *fill*         0x000000001fffe2d9        0x3 
 COMMON         0x000000001fffe2dc        0x4 /package/freescale/KDS_2.0.0/toolchain/bin/../lib/gcc/arm-none-eabi/4.8.0/../../../../arm-none-eabi/lib/libg_s.a(lib_a-reent.o)
                0x000000001fffe2dc                errno
                0x000000001fffe2e0                . = ALIGN (0x4)
                0x000000001fffe2e0                __bss_end__ = .
                0x000000001fffe2e0                __END_BSS = .

.heap           0x000000001fffe2e0      0x400 load address 0x0000000000001de0
                0x000000001fffe2e0                . = ALIGN (0x8)
                0x000000001fffe2e0                __end__ = .
                0x000000001fffe2e0                PROVIDE (end, .)
                0x000000001fffe2e0                __HeapBase = .
                0x000000001fffe6e0                . = (. + HEAP_SIZE)
 *fill*         0x000000001fffe2e0      0x400 
                0x000000001fffe6e0                __HeapLimit = .

.stack          0x000000001fffe6e0      0x400 load address 0x00000000000021e0
                0x000000001fffe6e0                . = ALIGN (0x8)
                0x000000001fffeae0                . = (. + STACK_SIZE)
 *fill*         0x000000001fffe6e0      0x400 
                0x000000001fffeae0                __StackTop = .
                0x000000001fffe6e0                __StackLimit = (__StackTop - STACK_SIZE)
                0x000000001fffeae0                PROVIDE (__stack, __StackTop)

.ARM.attributes
                0x0000000000000000       0x2d
 *(.ARM.attributes)
 .ARM.attributes
                0x0000000000000000       0x23 /package/freescale/KDS_2.0.0/toolchain/bin/../lib/gcc/arm-none-eabi/4.8.0/crti.o
 .ARM.attributes
                0x0000000000000023       0x31 /package/freescale/KDS_2.0.0/toolchain/bin/../lib/gcc/arm-none-eabi/4.8.0/crtbegin.o
 .ARM.attributes
                0x0000000000000054       0x31 /package/freescale/KDS_2.0.0/toolchain/bin/../lib/gcc/arm-none-eabi/4.8.0/../../../../arm-none-eabi/lib/crt0.o
 .ARM.attributes
                0x0000000000000085       0x32 ./Sources/slcd.o
 .ARM.attributes
                0x00000000000000b7       0x32 ./Sources/stopwatch.o
 .ARM.attributes
                0x00000000000000e9       0x1b ./Project_Settings/Startup_Code/startup_MKL46Z4.o
 .ARM.attributes
                0x0000000000000104       0x32 ./Project_Settings/Startup_Code/system_MKL46Z4.o
 .ARM.attributes
                0x0000000000000136       0x23 /package/freescale/KDS_2.0.0/toolchain/bin/../lib/gcc/arm-none-eabi/4.8.0/libgcc.a(_udivsi3.o)
 .ARM.attributes
                0x0000000000000159       0x23 /package/freescale/KDS_2.0.0/toolchain/bin/../lib/gcc/arm-none-eabi/4.8.0/libgcc.a(_dvmd_tls.o)
 .ARM.attributes
                0x000000000000017c       0x31 /package/freescale/KDS_2.0.0/toolchain/bin/../lib/gcc/arm-none-eabi/4.8.0/../../../../arm-none-eabi/lib/libg_s.a(lib_a-atexit.o)
 .ARM.attributes
                0x00000000000001ad       0x31 /package/freescale/KDS_2.0.0/toolchain/bin/../lib/gcc/arm-none-eabi/4.8.0/../../../../arm-none-eabi/lib/libg_s.a(lib_a-exit.o)
 .ARM.attributes
                0x00000000000001de       0x31 /package/freescale/KDS_2.0.0/toolchain/bin/../lib/gcc/arm-none-eabi/4.8.0/../../../../arm-none-eabi/lib/libg_s.a(lib_a-fini.o)
 .ARM.attributes
                0x000000000000020f       0x31 /package/freescale/KDS_2.0.0/toolchain/bin/../lib/gcc/arm-none-eabi/4.8.0/../../../../arm-none-eabi/lib/libg_s.a(lib_a-impure.o)
 .ARM.attributes
                0x0000000000000240       0x31 /package/freescale/KDS_2.0.0/toolchain/bin/../lib/gcc/arm-none-eabi/4.8.0/../../../../arm-none-eabi/lib/libg_s.a(lib_a-memset.o)
 .ARM.attributes
                0x0000000000000271       0x31 /package/freescale/KDS_2.0.0/toolchain/bin/../lib/gcc/arm-none-eabi/4.8.0/../../../../arm-none-eabi/lib/libg_s.a(lib_a-snprintf.o)
 .ARM.attributes
                0x00000000000002a2       0x31 /package/freescale/KDS_2.0.0/toolchain/bin/../lib/gcc/arm-none-eabi/4.8.0/../../../../arm-none-eabi/lib/libg_s.a(lib_a-svfprintf.o)
 .ARM.attributes
                0x00000000000002d3       0x31 /package/freescale/KDS_2.0.0/toolchain/bin/../lib/gcc/arm-none-eabi/4.8.0/../../../../arm-none-eabi/lib/libg_s.a(lib_a-syscalls.o)
 .ARM.attributes
                0x0000000000000304       0x31 /package/freescale/KDS_2.0.0/toolchain/bin/../lib/gcc/arm-none-eabi/4.8.0/../../../../arm-none-eabi/lib/libg_s.a(lib_a-vfprintf_i.o)
 .ARM.attributes
                0x0000000000000335       0x31 /package/freescale/KDS_2.0.0/toolchain/bin/../lib/gcc/arm-none-eabi/4.8.0/../../../../arm-none-eabi/lib/libg_s.a(lib_a-__atexit.o)
 .ARM.attributes
                0x0000000000000366       0x31 /package/freescale/KDS_2.0.0/toolchain/bin/../lib/gcc/arm-none-eabi/4.8.0/../../../../arm-none-eabi/lib/libg_s.a(lib_a-__call_atexit.o)
 .ARM.attributes
                0x0000000000000397       0x31 /package/freescale/KDS_2.0.0/toolchain/bin/../lib/gcc/arm-none-eabi/4.8.0/../../../../arm-none-eabi/lib/libg_s.a(lib_a-errno.o)
 .ARM.attributes
                0x00000000000003c8       0x31 /package/freescale/KDS_2.0.0/toolchain/bin/../lib/gcc/arm-none-eabi/4.8.0/../../../../arm-none-eabi/lib/libg_s.a(lib_a-freer.o)
 .ARM.attributes
                0x00000000000003f9       0x31 /package/freescale/KDS_2.0.0/toolchain/bin/../lib/gcc/arm-none-eabi/4.8.0/../../../../arm-none-eabi/lib/libg_s.a(lib_a-malloc.o)
 .ARM.attributes
                0x000000000000042a       0x31 /package/freescale/KDS_2.0.0/toolchain/bin/../lib/gcc/arm-none-eabi/4.8.0/../../../../arm-none-eabi/lib/libg_s.a(lib_a-mallocr.o)
 .ARM.attributes
                0x000000000000045b       0x31 /package/freescale/KDS_2.0.0/toolchain/bin/../lib/gcc/arm-none-eabi/4.8.0/../../../../arm-none-eabi/lib/libg_s.a(lib_a-memchr.o)
 .ARM.attributes
                0x000000000000048c       0x31 /package/freescale/KDS_2.0.0/toolchain/bin/../lib/gcc/arm-none-eabi/4.8.0/../../../../arm-none-eabi/lib/libg_s.a(lib_a-memcpy.o)
 .ARM.attributes
                0x00000000000004bd       0x31 /package/freescale/KDS_2.0.0/toolchain/bin/../lib/gcc/arm-none-eabi/4.8.0/../../../../arm-none-eabi/lib/libg_s.a(lib_a-reallocr.o)
 .ARM.attributes
                0x00000000000004ee       0x31 /package/freescale/KDS_2.0.0/toolchain/bin/../lib/gcc/arm-none-eabi/4.8.0/../../../../arm-none-eabi/lib/libg_s.a(lib_a-sbrkr.o)
 .ARM.attributes
                0x000000000000051f       0x31 /package/freescale/KDS_2.0.0/toolchain/bin/../lib/gcc/arm-none-eabi/4.8.0/../../../../arm-none-eabi/lib/libg_s.a(lib_a-strlen.o)
 .ARM.attributes
                0x0000000000000550       0x31 /package/freescale/KDS_2.0.0/toolchain/bin/../lib/gcc/arm-none-eabi/4.8.0/../../../../arm-none-eabi/lib/libg_s.a(lib_a-msizer.o)
 .ARM.attributes
                0x0000000000000581       0x31 /package/freescale/KDS_2.0.0/toolchain/bin/../lib/gcc/arm-none-eabi/4.8.0/../../../../arm-none-eabi/lib/libg_s.a(lib_a-reent.o)
 .ARM.attributes
                0x00000000000005b2       0x31 /package/freescale/KDS_2.0.0/toolchain/bin/../lib/gcc/arm-none-eabi/4.8.0/crtend.o
 .ARM.attributes
                0x00000000000005e3       0x23 /package/freescale/KDS_2.0.0/toolchain/bin/../lib/gcc/arm-none-eabi/4.8.0/crtn.o
OUTPUT(lab2_timer_stopwatch.elf elf32-littlearm)

.comment        0x0000000000000000       0x3b
 .comment       0x0000000000000000       0x2a /package/freescale/KDS_2.0.0/toolchain/bin/../lib/gcc/arm-none-eabi/4.8.0/crtbegin.o
                                         0x2b (size before relaxing)
 .comment       0x0000000000000000       0x2b /package/freescale/KDS_2.0.0/toolchain/bin/../lib/gcc/arm-none-eabi/4.8.0/../../../../arm-none-eabi/lib/crt0.o
 .comment       0x0000000000000000       0x2b ./Sources/slcd.o
 .comment       0x0000000000000000       0x2b ./Sources/stopwatch.o
 .comment       0x0000000000000000       0x2b ./Project_Settings/Startup_Code/system_MKL46Z4.o
 .comment       0x000000000000002a       0x11 /package/freescale/KDS_2.0.0/toolchain/bin/../lib/gcc/arm-none-eabi/4.8.0/../../../../arm-none-eabi/lib/libg_s.a(lib_a-atexit.o)
                                         0x12 (size before relaxing)
 .comment       0x0000000000000000       0x12 /package/freescale/KDS_2.0.0/toolchain/bin/../lib/gcc/arm-none-eabi/4.8.0/../../../../arm-none-eabi/lib/libg_s.a(lib_a-exit.o)
 .comment       0x0000000000000000       0x12 /package/freescale/KDS_2.0.0/toolchain/bin/../lib/gcc/arm-none-eabi/4.8.0/../../../../arm-none-eabi/lib/libg_s.a(lib_a-fini.o)
 .comment       0x0000000000000000       0x12 /package/freescale/KDS_2.0.0/toolchain/bin/../lib/gcc/arm-none-eabi/4.8.0/../../../../arm-none-eabi/lib/libg_s.a(lib_a-impure.o)
 .comment       0x0000000000000000       0x12 /package/freescale/KDS_2.0.0/toolchain/bin/../lib/gcc/arm-none-eabi/4.8.0/../../../../arm-none-eabi/lib/libg_s.a(lib_a-memset.o)
 .comment       0x0000000000000000       0x12 /package/freescale/KDS_2.0.0/toolchain/bin/../lib/gcc/arm-none-eabi/4.8.0/../../../../arm-none-eabi/lib/libg_s.a(lib_a-snprintf.o)
 .comment       0x0000000000000000       0x12 /package/freescale/KDS_2.0.0/toolchain/bin/../lib/gcc/arm-none-eabi/4.8.0/../../../../arm-none-eabi/lib/libg_s.a(lib_a-svfprintf.o)
 .comment       0x0000000000000000       0x12 /package/freescale/KDS_2.0.0/toolchain/bin/../lib/gcc/arm-none-eabi/4.8.0/../../../../arm-none-eabi/lib/libg_s.a(lib_a-syscalls.o)
 .comment       0x0000000000000000       0x12 /package/freescale/KDS_2.0.0/toolchain/bin/../lib/gcc/arm-none-eabi/4.8.0/../../../../arm-none-eabi/lib/libg_s.a(lib_a-vfprintf_i.o)
 .comment       0x0000000000000000       0x12 /package/freescale/KDS_2.0.0/toolchain/bin/../lib/gcc/arm-none-eabi/4.8.0/../../../../arm-none-eabi/lib/libg_s.a(lib_a-__atexit.o)
 .comment       0x0000000000000000       0x12 /package/freescale/KDS_2.0.0/toolchain/bin/../lib/gcc/arm-none-eabi/4.8.0/../../../../arm-none-eabi/lib/libg_s.a(lib_a-__call_atexit.o)
 .comment       0x0000000000000000       0x12 /package/freescale/KDS_2.0.0/toolchain/bin/../lib/gcc/arm-none-eabi/4.8.0/../../../../arm-none-eabi/lib/libg_s.a(lib_a-errno.o)
 .comment       0x0000000000000000       0x12 /package/freescale/KDS_2.0.0/toolchain/bin/../lib/gcc/arm-none-eabi/4.8.0/../../../../arm-none-eabi/lib/libg_s.a(lib_a-freer.o)
 .comment       0x0000000000000000       0x12 /package/freescale/KDS_2.0.0/toolchain/bin/../lib/gcc/arm-none-eabi/4.8.0/../../../../arm-none-eabi/lib/libg_s.a(lib_a-malloc.o)
 .comment       0x0000000000000000       0x12 /package/freescale/KDS_2.0.0/toolchain/bin/../lib/gcc/arm-none-eabi/4.8.0/../../../../arm-none-eabi/lib/libg_s.a(lib_a-mallocr.o)
 .comment       0x0000000000000000       0x12 /package/freescale/KDS_2.0.0/toolchain/bin/../lib/gcc/arm-none-eabi/4.8.0/../../../../arm-none-eabi/lib/libg_s.a(lib_a-memchr.o)
 .comment       0x0000000000000000       0x12 /package/freescale/KDS_2.0.0/toolchain/bin/../lib/gcc/arm-none-eabi/4.8.0/../../../../arm-none-eabi/lib/libg_s.a(lib_a-memcpy.o)
 .comment       0x0000000000000000       0x12 /package/freescale/KDS_2.0.0/toolchain/bin/../lib/gcc/arm-none-eabi/4.8.0/../../../../arm-none-eabi/lib/libg_s.a(lib_a-reallocr.o)
 .comment       0x0000000000000000       0x12 /package/freescale/KDS_2.0.0/toolchain/bin/../lib/gcc/arm-none-eabi/4.8.0/../../../../arm-none-eabi/lib/libg_s.a(lib_a-sbrkr.o)
 .comment       0x0000000000000000       0x12 /package/freescale/KDS_2.0.0/toolchain/bin/../lib/gcc/arm-none-eabi/4.8.0/../../../../arm-none-eabi/lib/libg_s.a(lib_a-strlen.o)
 .comment       0x0000000000000000       0x12 /package/freescale/KDS_2.0.0/toolchain/bin/../lib/gcc/arm-none-eabi/4.8.0/../../../../arm-none-eabi/lib/libg_s.a(lib_a-msizer.o)
 .comment       0x0000000000000000       0x12 /package/freescale/KDS_2.0.0/toolchain/bin/../lib/gcc/arm-none-eabi/4.8.0/../../../../arm-none-eabi/lib/libg_s.a(lib_a-reent.o)
 .comment       0x0000000000000000       0x2b /package/freescale/KDS_2.0.0/toolchain/bin/../lib/gcc/arm-none-eabi/4.8.0/crtend.o

.debug_info     0x0000000000000000     0x133e
 .debug_info    0x0000000000000000      0x656 ./Sources/slcd.o
 .debug_info    0x0000000000000656      0x808 ./Sources/stopwatch.o
 .debug_info    0x0000000000000e5e       0x84 ./Project_Settings/Startup_Code/startup_MKL46Z4.o
 .debug_info    0x0000000000000ee2      0x45c ./Project_Settings/Startup_Code/system_MKL46Z4.o

.debug_abbrev   0x0000000000000000      0x483
 .debug_abbrev  0x0000000000000000      0x189 ./Sources/slcd.o
 .debug_abbrev  0x0000000000000189      0x1dd ./Sources/stopwatch.o
 .debug_abbrev  0x0000000000000366       0x14 ./Project_Settings/Startup_Code/startup_MKL46Z4.o
 .debug_abbrev  0x000000000000037a      0x109 ./Project_Settings/Startup_Code/system_MKL46Z4.o

.debug_aranges  0x0000000000000000       0xd8
 .debug_aranges
                0x0000000000000000       0x38 ./Sources/slcd.o
 .debug_aranges
                0x0000000000000038       0x58 ./Sources/stopwatch.o
 .debug_aranges
                0x0000000000000090       0x20 ./Project_Settings/Startup_Code/startup_MKL46Z4.o
 .debug_aranges
                0x00000000000000b0       0x28 ./Project_Settings/Startup_Code/system_MKL46Z4.o

.debug_ranges   0x0000000000000000       0x88
 .debug_ranges  0x0000000000000000       0x28 ./Sources/slcd.o
 .debug_ranges  0x0000000000000028       0x48 ./Sources/stopwatch.o
 .debug_ranges  0x0000000000000070       0x18 ./Project_Settings/Startup_Code/system_MKL46Z4.o

.debug_macro    0x0000000000000000     0x7b39
 .debug_macro   0x0000000000000000       0x6b ./Sources/slcd.o
 .debug_macro   0x000000000000006b      0x808 ./Sources/slcd.o
 .debug_macro   0x0000000000000873       0x37 ./Sources/slcd.o
 .debug_macro   0x00000000000008aa       0x3a ./Sources/slcd.o
 .debug_macro   0x00000000000008e4      0x214 ./Sources/slcd.o
 .debug_macro   0x0000000000000af8       0x1f ./Sources/slcd.o
 .debug_macro   0x0000000000000b17      0x250 ./Sources/slcd.o
 .debug_macro   0x0000000000000d67     0x627b ./Sources/slcd.o
 .debug_macro   0x0000000000006fe2      0x142 ./Sources/slcd.o
 .debug_macro   0x0000000000007124      0x1e3 ./Sources/stopwatch.o
 .debug_macro   0x0000000000007307       0x2e ./Sources/stopwatch.o
 .debug_macro   0x0000000000007335       0x2e ./Sources/stopwatch.o
 .debug_macro   0x0000000000007363       0x95 ./Sources/stopwatch.o
 .debug_macro   0x00000000000073f8       0x10 ./Sources/stopwatch.o
 .debug_macro   0x0000000000007408       0x89 ./Sources/stopwatch.o
 .debug_macro   0x0000000000007491       0x10 ./Sources/stopwatch.o
 .debug_macro   0x00000000000074a1       0x3a ./Sources/stopwatch.o
 .debug_macro   0x00000000000074db       0x52 ./Sources/stopwatch.o
 .debug_macro   0x000000000000752d       0x19 ./Sources/stopwatch.o
 .debug_macro   0x0000000000007546      0x16d ./Sources/stopwatch.o
 .debug_macro   0x00000000000076b3       0x10 ./Sources/stopwatch.o
 .debug_macro   0x00000000000076c3       0xef ./Sources/stopwatch.o
 .debug_macro   0x00000000000077b2       0x22 ./Sources/stopwatch.o
 .debug_macro   0x00000000000077d4       0x91 ./Sources/stopwatch.o
 .debug_macro   0x0000000000007865       0x16 ./Sources/stopwatch.o
 .debug_macro   0x000000000000787b      0x16d ./Sources/stopwatch.o
 .debug_macro   0x00000000000079e8       0x10 ./Sources/stopwatch.o
 .debug_macro   0x00000000000079f8       0x35 ./Sources/stopwatch.o
 .debug_macro   0x0000000000007a2d       0x16 ./Sources/stopwatch.o
 .debug_macro   0x0000000000007a43       0x23 ./Sources/stopwatch.o
 .debug_macro   0x0000000000007a66       0x10 ./Sources/stopwatch.o
 .debug_macro   0x0000000000007a76       0x1c ./Sources/stopwatch.o
 .debug_macro   0x0000000000007a92       0x22 ./Sources/stopwatch.o
 .debug_macro   0x0000000000007ab4       0x85 ./Project_Settings/Startup_Code/system_MKL46Z4.o

.debug_line     0x0000000000000000      0x830
 .debug_line    0x0000000000000000      0x1fe ./Sources/slcd.o
 .debug_line    0x00000000000001fe      0x3dd ./Sources/stopwatch.o
 .debug_line    0x00000000000005db       0x83 ./Project_Settings/Startup_Code/startup_MKL46Z4.o
 .debug_line    0x000000000000065e      0x1d2 ./Project_Settings/Startup_Code/system_MKL46Z4.o

.debug_str      0x0000000000000000    0x234a1
 .debug_str     0x0000000000000000    0x20704 ./Sources/slcd.o
                                      0x20984 (size before relaxing)
 .debug_str     0x0000000000020704     0x2c91 ./Sources/stopwatch.o
                                      0x2356a (size before relaxing)
 .debug_str     0x0000000000023395      0x10c ./Project_Settings/Startup_Code/system_MKL46Z4.o
                                      0x206ad (size before relaxing)

.debug_frame    0x0000000000000000      0x1d4
 .debug_frame   0x0000000000000000       0x8c ./Sources/slcd.o
 .debug_frame   0x000000000000008c       0xfc ./Sources/stopwatch.o
 .debug_frame   0x0000000000000188       0x4c ./Project_Settings/Startup_Code/system_MKL46Z4.o
